// Vitest Snapshot v1, https://vitest.dev/guide/snapshot.html

exports[`run 1`] = `
"# Changelog

# 16.0.0-next.5 (2023-03-29)

## Breaking Changes

<!-- CHANGELOG SPLIT MARKER -->

# 16.0.0-next.4 (2023-03-22)

d


<!-- Generated by pkg-name-for-test@vpkg-version-for-test, please do not modify manually!! -->

## 其他版本的更新日志
- [v14.x](changelogs/v14.x-CHANGELOG.md)
- [v10.x](changelogs/v10.x-CHANGELOG.md)
- [v9.x](changelogs/v9.x-CHANGELOG.md)
- [v2.x](changelogs/v2.x-CHANGELOG.md)

"
`;
